> Task :compileJava UP-TO-DATE
> Task :processResources UP-TO-DATE
> Task :classes UP-TO-DATE
> Task :compileTestJava UP-TO-DATE
> Task :processTestResources NO-SOURCE
> Task :testClasses UP-TO-DATE

> Task :test

TradingApplicationTests STANDARD_OUT
    16:56:07.134 [Test worker] INFO org.springframework.test.context.support.AnnotationConfigContextLoaderUtils -- Could not detect default configuration classes for test class [my.side.trading.TradingApplicationTests]: TradingApplicationTests does not declare any static, non-private, non-final, nested classes annotated with @Configuration.
    16:56:07.244 [Test worker] INFO org.springframework.boot.test.context.SpringBootTestContextBootstrapper -- Found @SpringBootConfiguration my.side.trading.TradingApplication for test class my.side.trading.TradingApplicationTests

      .   ____          _            __ _ _
     /\\ / ___'_ __ _ _(_)_ __  __ _ \ \ \ \
    ( ( )\___ | '_ | '_| | '_ \/ _` | \ \ \ \
     \\/  ___)| |_)| | | | | || (_| |  ) ) ) )
      '  |____| .__|_| |_|_| |_\__, | / / / /
     =========|_|==============|___/=/_/_/_/

     :: Spring Boot ::                (v3.5.7)

    2026-02-14 16:56:07.692 [background-preinit] INFO  o.h.validator.internal.util.Version - HV000001: Hibernate Validator 8.0.3.Final
    2026-02-14 16:56:07.721 [Test worker] INFO  m.s.trading.TradingApplicationTests - Starting TradingApplicationTests using Java 21.0.4 with PID 22080 (started by kimsu in C:\Users\kimsu\Study\trading)
    2026-02-14 16:56:07.722 [Test worker] INFO  m.s.trading.TradingApplicationTests - No active profile set, falling back to 1 default profile: "default"
    2026-02-14 16:56:09.020 [Test worker] INFO  o.s.d.r.c.RepositoryConfigurationDelegate - Bootstrapping Spring Data JPA repositories in DEFAULT mode.
    2026-02-14 16:56:09.235 [Test worker] INFO  o.s.d.r.c.RepositoryConfigurationDelegate - Finished Spring Data repository scanning in 191 ms. Found 4 JPA repository interfaces.
    2026-02-14 16:56:11.589 [Test worker] INFO  o.h.jpa.internal.util.LogHelper - HHH000204: Processing PersistenceUnitInfo [name: default]
    2026-02-14 16:56:11.682 [Test worker] INFO  org.hibernate.Version - HHH000412: Hibernate ORM core version 6.6.33.Final
    2026-02-14 16:56:11.737 [Test worker] INFO  o.h.c.i.RegionFactoryInitiator - HHH000026: Second-level cache disabled
    2026-02-14 16:56:12.340 [Test worker] INFO  o.s.o.j.p.SpringPersistenceUnitInfo - No LoadTimeWeaver setup: ignoring JPA class transformer
    2026-02-14 16:56:12.410 [Test worker] INFO  com.zaxxer.hikari.HikariDataSource - HikariPool-1 - Starting...
    2026-02-14 16:56:13.405 [Test worker] INFO  com.zaxxer.hikari.pool.HikariPool - HikariPool-1 - Added connection com.mysql.cj.jdbc.ConnectionImpl@76219fe
    2026-02-14 16:56:13.409 [Test worker] INFO  com.zaxxer.hikari.HikariDataSource - HikariPool-1 - Start completed.
    2026-02-14 16:56:13.710 [Test worker] INFO  o.hibernate.orm.connections.pooling - HHH10001005: Database info:
    	Database JDBC URL [Connecting through datasource 'HikariDataSource (HikariPool-1)']
    	Database driver: undefined/unknown
    	Database version: 8.0.42
    	Autocommit mode: undefined/unknown
    	Isolation level: undefined/unknown
    	Minimum pool size: undefined/unknown
    	Maximum pool size: undefined/unknown
    2026-02-14 16:56:15.889 [Test worker] INFO  o.h.e.t.j.p.i.JtaPlatformInitiator - HHH000489: No JTA platform available (set 'hibernate.transaction.jta.platform' to enable JTA platform integration)
    2026-02-14 16:56:15.994 [Test worker] DEBUG org.hibernate.SQL - alter table execution_job modify column status enum ('COMPLETED','FAILED','PENDING','RUNNING') not null
    Hibernate: alter table execution_job modify column status enum ('COMPLETED','FAILED','PENDING','RUNNING') not null
    2026-02-14 16:56:16.009 [Test worker] DEBUG org.hibernate.SQL - alter table execution_order modify column status enum ('ACCEPTED','CANCELED','PLANNED','REJECTED','REQUESTED','SKIPPED') not null
    Hibernate: alter table execution_order modify column status enum ('ACCEPTED','CANCELED','PLANNED','REJECTED','REQUESTED','SKIPPED') not null
    2026-02-14 16:56:16.018 [Test worker] DEBUG org.hibernate.SQL - alter table strategy_state modify column dd_bucket enum ('FROM_15_TO_25','FROM_25_TO_35','FROM_35_TO_45','LESS_THAN_15','MORE_THAN_45') not null
    Hibernate: alter table strategy_state modify column dd_bucket enum ('FROM_15_TO_25','FROM_25_TO_35','FROM_35_TO_45','LESS_THAN_15','MORE_THAN_45') not null
    2026-02-14 16:56:16.027 [Test worker] DEBUG org.hibernate.SQL - alter table strategy_state modify column phase enum ('DRAWDOWN','NORMAL','RECOVERY') not null
    Hibernate: alter table strategy_state modify column phase enum ('DRAWDOWN','NORMAL','RECOVERY') not null
    2026-02-14 16:56:16.079 [Test worker] INFO  o.s.o.j.LocalContainerEntityManagerFactoryBean - Initialized JPA EntityManagerFactory for persistence unit 'default'
    2026-02-14 16:56:19.031 [Test worker] WARN  o.s.b.a.o.j.JpaBaseConfiguration$JpaWebConfiguration - spring.jpa.open-in-view is enabled by default. Therefore, database queries may be performed during view rendering. Explicitly configure spring.jpa.open-in-view to disable this warning
    2026-02-14 16:56:20.513 [Test worker] INFO  o.s.b.a.e.web.EndpointLinksResolver - Exposing 3 endpoints beneath base path '/actuator'
    2026-02-14 16:56:20.686 [Test worker] INFO  m.s.trading.TradingApplicationTests - Started TradingApplicationTests in 13.323 seconds (process running for 14.322)

TradingApplicationTests > contextLoads() STANDARD_ERROR
    Mockito is currently self-attaching to enable the inline-mock-maker. This will no longer work in future releases of the JDK. Please add Mockito as an agent to your build as described in Mockito's documentation: https://javadoc.io/doc/org.mockito/mockito-core/latest/org.mockito/org/mockito/Mockito.html#0.3
    WARNING: A Java agent has been loaded dynamically (C:\Users\kimsu\.gradle\caches\modules-2\files-2.1\net.bytebuddy\byte-buddy-agent\1.17.8\f09415827a71be7ed621c7bd02550678f28bc81c\byte-buddy-agent-1.17.8.jar)
    WARNING: If a serviceability tool is in use, please run with -XX:+EnableDynamicAgentLoading to hide this warning
    WARNING: If a serviceability tool is not in use, please run with -Djdk.instrument.traceUsage for more information
    WARNING: Dynamic loading of agents will be disallowed by default in a future release

OpenJDK 64-Bit Server VM warning: Sharing is only supported for boot loader classes because bootstrap classpath has been appended

> Task :test

TradingApplicationTests > contextLoads() PASSED

ApiKeyAuthFilterTest > Swagger_경로는_키_없이_통과() PASSED

ApiKeyAuthFilterTest > KIS_주문_경로는_키_없으면_401_응답() STANDARD_OUT
    2026-02-14 16:56:23.608 [Test worker] WARN  m.s.t.c.a.i.w.s.ApiKeyAuthFilter - Invalid API Key access attempt. IP=null, Path=/kis/overseas/order/us/buy

ApiKeyAuthFilterTest > KIS_주문_경로는_키_없으면_401_응답() PASSED

ApiKeyAuthFilterTest > KIS_토큰_경로는_키_없으면_401_응답() STANDARD_OUT
    2026-02-14 16:56:23.633 [Test worker] WARN  m.s.t.c.a.i.w.s.ApiKeyAuthFilter - Invalid API Key access attempt. IP=null, Path=/kis/token

ApiKeyAuthFilterTest > KIS_토큰_경로는_키_없으면_401_응답() PASSED

ApiKeyAuthFilterTest > KIS_경로에_유효한_키_제공시_통과() PASSED

ApiKeyAuthFilterTest > 리밸런싱_실행_경로는_키_없으면_401_응답() STANDARD_OUT
    2026-02-14 16:56:23.662 [Test worker] WARN  m.s.t.c.a.i.w.s.ApiKeyAuthFilter - Invalid API Key access attempt. IP=null, Path=/execution/rebalance/run

ApiKeyAuthFilterTest > 리밸런싱_실행_경로는_키_없으면_401_응답() PASSED

ApiKeyAuthFilterTest > Actuator_헬스체크_경로는_키_없이_통과() PASSED

ApiKeyAuthFilterTest > 유효하지_않은_키_제공시_401_응답() STANDARD_OUT
    2026-02-14 16:56:23.680 [Test worker] WARN  m.s.t.c.a.i.w.s.ApiKeyAuthFilter - Invalid API Key access attempt. IP=null, Path=/api/jobs/execute

ApiKeyAuthFilterTest > 유효하지_않은_키_제공시_401_응답() PASSED

ApiKeyAuthFilterTest > 유효한_키_제공시_통과() PASSED

ApiKeyAuthFilterTest > 대시보드_경로는_키_없이_통과() PASSED

RateLimitFilterTest > 제한_초과_요청은_429_응답() STANDARD_OUT
    2026-02-14 16:56:23.837 [Test worker] WARN  m.s.t.c.a.i.w.s.RateLimitFilter - Rate limit exceeded for IP: 192.168.0.1

RateLimitFilterTest > 제한_초과_요청은_429_응답() PASSED

RateLimitFilterTest > 제한_내_요청은_통과() PASSED

RateLimitFilterTest > 공개_경로는_레이트리밋_적용_제외() PASSED

ExecutionGuardTest > execution_enabled_이고_killSwitch_off_이면_허용() PASSED

ExecutionGuardTest > execution_disabled_우선_체크() PASSED

ExecutionGuardTest > execution_disabled_이면_예외_발생() PASSED

ExecutionGuardTest > killSwitch_on_이면_예외_발생() PASSED

ExecutionJobCreateServiceTest > 계획_가능한_주문이_하나라도_있으면_Job_생성() STANDARD_OUT
    2026-02-14 16:56:24.335 [Test worker] INFO  m.s.t.c.a.e.ExecutionJobCreateService - planned order: sym=QQQ, side=BUY, qty=4, limit=100.30, cashDelta=-402.203000, remainingCash=597.797000
    2026-02-14 16:56:24.339 [Test worker] INFO  m.s.t.c.a.e.ExecutionJobCreateService - job created: jobId=1, orders=1

ExecutionJobCreateServiceTest > 계획_가능한_주문이_하나라도_있으면_Job_생성() PASSED

ExecutionJobCreateServiceTest > 같은_signalDate_Job이_이미_있으면_새로_생성_안함() STANDARD_OUT
    2026-02-14 16:56:24.462 [Test worker] INFO  m.s.t.c.a.e.ExecutionJobCreateService - planned order: sym=QQQ, side=BUY, qty=4, limit=100.30, cashDelta=-402.203000, remainingCash=597.797000
    2026-02-14 16:56:24.462 [Test worker] INFO  m.s.t.c.a.e.ExecutionJobCreateService - job created: jobId=1, orders=1
    2026-02-14 16:56:24.464 [Test worker] INFO  m.s.t.c.a.e.ExecutionJobCreateService - planned order: sym=QQQ, side=BUY, qty=4, limit=100.30, cashDelta=-402.203000, remainingCash=597.797000
    2026-02-14 16:56:24.467 [Test worker] WARN  m.s.t.c.a.e.ExecutionJobCreateService - job이 이미 존재합니다: signalDate=2025-12-21, orders=1

ExecutionJobCreateServiceTest > 같은_signalDate_Job이_이미_있으면_새로_생성_안함() PASSED

ExecutionJobCreateServiceTest > 계획_가능한_주문이_없으면_Job_생성_안함() STANDARD_OUT
    2026-02-14 16:56:24.490 [Test worker] INFO  m.s.t.c.a.e.ExecutionJobCreateService - skip job creation: 실행 가능한 주문이 없습니다. intents=1, reason=test

ExecutionJobCreateServiceTest > 계획_가능한_주문이_없으면_Job_생성_안함() PASSED

ExecutionJobExecutorTest > 주문요청_성공응답_및_전량체결_시_주문을_ACCEPTED_처리() STANDARD_OUT
    2026-02-14 16:56:24.540 [Test worker] INFO  m.s.t.c.a.e.RetryableOrderExecutor - [RETRY] 시도 1/3: symbol=QQQ, side=BUY, remainingQty=1, buffer=0.3%
    2026-02-14 16:56:24.546 [Test worker] INFO  m.s.t.c.a.e.RetryableOrderExecutor - [RETRY] 주문 접수됨: symbol=QQQ, brokerOrderId=0123456789, qty=1
    2026-02-14 16:56:24.551 [Test worker] INFO  m.s.t.c.a.e.RetryableOrderExecutor - [RETRY] 체결: symbol=QQQ, filledQty=1, totalFilledQty=1, remainingQty=0
    2026-02-14 16:56:24.553 [Test worker] INFO  m.s.t.c.a.e.RetryableOrderExecutor - [RETRY] 전량 체결 완료: symbol=QQQ, totalFilledQty=1

ExecutionJobExecutorTest > 주문요청_성공응답_및_전량체결_시_주문을_ACCEPTED_처리() PASSED

ExecutionJobExecutorTest > 부분체결_후_재시도로_전량체결_시_ACCEPTED_처리() STANDARD_OUT
    2026-02-14 16:56:24.567 [Test worker] INFO  m.s.t.c.a.e.RetryableOrderExecutor - [RETRY] 시도 1/3: symbol=QQQ, side=BUY, remainingQty=10, buffer=0.3%
    2026-02-14 16:56:24.567 [Test worker] INFO  m.s.t.c.a.e.RetryableOrderExecutor - [RETRY] 주문 접수됨: symbol=QQQ, brokerOrderId=ORD001, qty=10
    2026-02-14 16:56:24.568 [Test worker] INFO  m.s.t.c.a.e.RetryableOrderExecutor - [RETRY] 체결: symbol=QQQ, filledQty=7, totalFilledQty=7, remainingQty=3
    2026-02-14 16:56:24.568 [Test worker] INFO  m.s.t.c.a.e.RetryableOrderExecutor - [RETRY] 미체결분 취소 시도: symbol=QQQ, unfilledQty=3
    2026-02-14 16:56:24.570 [Test worker] INFO  m.s.t.c.a.e.RetryableOrderExecutor - [RETRY] 시도 2/3: symbol=QQQ, side=BUY, remainingQty=3, buffer=0.5%
    2026-02-14 16:56:24.571 [Test worker] INFO  m.s.t.c.a.e.RetryableOrderExecutor - [RETRY] 주문 접수됨: symbol=QQQ, brokerOrderId=ORD002, qty=3
    2026-02-14 16:56:24.572 [Test worker] INFO  m.s.t.c.a.e.RetryableOrderExecutor - [RETRY] 체결: symbol=QQQ, filledQty=3, totalFilledQty=10, remainingQty=0
    2026-02-14 16:56:24.573 [Test worker] INFO  m.s.t.c.a.e.RetryableOrderExecutor - [RETRY] 전량 체결 완료: symbol=QQQ, totalFilledQty=10

ExecutionJobExecutorTest > 부분체결_후_재시도로_전량체결_시_ACCEPTED_처리() PASSED

ExecutionJobExecutorTest > SELL_주문이_BUY_주문보다_먼저_실행됨() STANDARD_OUT
    2026-02-14 16:56:24.581 [Test worker] INFO  m.s.t.c.a.e.RetryableOrderExecutor - [RETRY] 시도 1/3: symbol=TQQQ, side=SELL, remainingQty=5, buffer=0.3%
    2026-02-14 16:56:24.582 [Test worker] INFO  m.s.t.c.a.e.RetryableOrderExecutor - [RETRY] 주문 접수됨: symbol=TQQQ, brokerOrderId=SELL_ORD, qty=5
    2026-02-14 16:56:24.582 [Test worker] INFO  m.s.t.c.a.e.RetryableOrderExecutor - [RETRY] 체결: symbol=TQQQ, filledQty=5, totalFilledQty=5, remainingQty=0
    2026-02-14 16:56:24.583 [Test worker] INFO  m.s.t.c.a.e.RetryableOrderExecutor - [RETRY] 전량 체결 완료: symbol=TQQQ, totalFilledQty=5
    2026-02-14 16:56:24.584 [Test worker] INFO  m.s.t.c.a.e.RetryableOrderExecutor - [RETRY] 시도 1/3: symbol=QQQ, side=BUY, remainingQty=10, buffer=0.3%
    2026-02-14 16:56:24.586 [Test worker] INFO  m.s.t.c.a.e.RetryableOrderExecutor - [RETRY] 주문 접수됨: symbol=QQQ, brokerOrderId=BUY_ORD, qty=10
    2026-02-14 16:56:24.586 [Test worker] INFO  m.s.t.c.a.e.RetryableOrderExecutor - [RETRY] 체결: symbol=QQQ, filledQty=10, totalFilledQty=10, remainingQty=0
    2026-02-14 16:56:24.588 [Test worker] INFO  m.s.t.c.a.e.RetryableOrderExecutor - [RETRY] 전량 체결 완료: symbol=QQQ, totalFilledQty=10

ExecutionJobExecutorTest > SELL_주문이_BUY_주문보다_먼저_실행됨() PASSED

ExecutionJobExecutorTest > 세번_재시도_모두_실패_시_REJECTED_처리() STANDARD_OUT
    2026-02-14 16:56:24.593 [Test worker] INFO  m.s.t.c.a.e.RetryableOrderExecutor - [RETRY] 시도 1/3: symbol=QQQ, side=BUY, remainingQty=10, buffer=0.3%
    2026-02-14 16:56:24.595 [Test worker] INFO  m.s.t.c.a.e.RetryableOrderExecutor - [RETRY] 주문 접수됨: symbol=QQQ, brokerOrderId=ORD001, qty=10
    2026-02-14 16:56:24.596 [Test worker] INFO  m.s.t.c.a.e.RetryableOrderExecutor - [RETRY] 미체결분 취소 시도: symbol=QQQ, unfilledQty=10
    2026-02-14 16:56:24.597 [Test worker] INFO  m.s.t.c.a.e.RetryableOrderExecutor - [RETRY] 시도 2/3: symbol=QQQ, side=BUY, remainingQty=10, buffer=0.5%
    2026-02-14 16:56:24.598 [Test worker] INFO  m.s.t.c.a.e.RetryableOrderExecutor - [RETRY] 주문 접수됨: symbol=QQQ, brokerOrderId=ORD002, qty=10
    2026-02-14 16:56:24.599 [Test worker] INFO  m.s.t.c.a.e.RetryableOrderExecutor - [RETRY] 미체결분 취소 시도: symbol=QQQ, unfilledQty=10
    2026-02-14 16:56:24.600 [Test worker] INFO  m.s.t.c.a.e.RetryableOrderExecutor - [RETRY] 시도 3/3: symbol=QQQ, side=BUY, remainingQty=10, buffer=0.8%
    2026-02-14 16:56:24.602 [Test worker] INFO  m.s.t.c.a.e.RetryableOrderExecutor - [RETRY] 주문 접수됨: symbol=QQQ, brokerOrderId=ORD003, qty=10
    2026-02-14 16:56:24.602 [Test worker] INFO  m.s.t.c.a.e.RetryableOrderExecutor - [RETRY] 미체결분 취소 시도: symbol=QQQ, unfilledQty=10
    2026-02-14 16:56:24.604 [Test worker] ERROR m.s.t.c.a.e.RetryableOrderExecutor - [RETRY] 3 시도 모두 실패: symbol=QQQ

ExecutionJobExecutorTest > 세번_재시도_모두_실패_시_REJECTED_처리() PASSED

ExecutionOrderFactoryTest > 매수수량이_잔여현금_초과_시_매수가능한_수량만큼_상한_처리되고_현금변화량은_음수() PASSED

ExecutionOrderFactoryTest > 수량이_0이면_빈_결과_반환() PASSED

ExecutionOrderFactoryTest > 매도수량이_보유수량_초과_시_보유수량_상한_처리되고_현금변화량은_양수() PASSED

RebalanceDecisionServiceTest > 비중편차가_tolerance를_초과하면_리밸런싱_수행하면_SELL이_BUY보다_먼저_수행() PASSED

RebalanceDecisionServiceTest > 커스텀_tolerancePct_설정으로_리밸런싱_조건_변경() PASSED

RebalanceDecisionServiceTest > 전략_비활성화_시_리밸런싱_안함() PASSED

RetryableOrderExecutorTest > 부분체결이 연속 발생해도 최대 3회만 주문 STANDARD_OUT
    2026-02-14 16:56:24.676 [Test worker] INFO  m.s.t.c.a.e.RetryableOrderExecutor - [RETRY] 시도 1/3: symbol=QQQ, side=BUY, remainingQty=10, buffer=0.3%
    2026-02-14 16:56:24.678 [Test worker] INFO  m.s.t.c.a.e.RetryableOrderExecutor - [RETRY] 주문 접수됨: symbol=QQQ, brokerOrderId=ORD001, qty=10
    2026-02-14 16:56:24.679 [Test worker] INFO  m.s.t.c.a.e.RetryableOrderExecutor - [RETRY] 체결: symbol=QQQ, filledQty=7, totalFilledQty=7, remainingQty=3
    2026-02-14 16:56:24.681 [Test worker] INFO  m.s.t.c.a.e.RetryableOrderExecutor - [RETRY] 미체결분 취소 시도: symbol=QQQ, unfilledQty=3
    2026-02-14 16:56:24.682 [Test worker] INFO  m.s.t.c.a.e.RetryableOrderExecutor - [RETRY] 시도 2/3: symbol=QQQ, side=BUY, remainingQty=3, buffer=0.5%
    2026-02-14 16:56:24.683 [Test worker] INFO  m.s.t.c.a.e.RetryableOrderExecutor - [RETRY] 주문 접수됨: symbol=QQQ, brokerOrderId=ORD002, qty=3
    2026-02-14 16:56:24.687 [Test worker] INFO  m.s.t.c.a.e.RetryableOrderExecutor - [RETRY] 체결: symbol=QQQ, filledQty=2, totalFilledQty=9, remainingQty=1
    2026-02-14 16:56:24.688 [Test worker] INFO  m.s.t.c.a.e.RetryableOrderExecutor - [RETRY] 미체결분 취소 시도: symbol=QQQ, unfilledQty=1
    2026-02-14 16:56:24.688 [Test worker] INFO  m.s.t.c.a.e.RetryableOrderExecutor - [RETRY] 시도 3/3: symbol=QQQ, side=BUY, remainingQty=1, buffer=0.8%
    2026-02-14 16:56:24.689 [Test worker] INFO  m.s.t.c.a.e.RetryableOrderExecutor - [RETRY] 주문 접수됨: symbol=QQQ, brokerOrderId=ORD003, qty=1
    2026-02-14 16:56:24.690 [Test worker] INFO  m.s.t.c.a.e.RetryableOrderExecutor - [RETRY] 미체결분 취소 시도: symbol=QQQ, unfilledQty=1
    2026-02-14 16:56:24.691 [Test worker] INFO  m.s.t.c.a.e.RetryableOrderExecutor - [RETRY] 부분 체결 종료: symbol=QQQ, totalFilledQty=9/10

RetryableOrderExecutorTest > 부분체결이 연속 발생해도 최대 3회만 주문 PASSED

RetryableOrderExecutorTest > 3회 모두 실패하면 FAILED 반환 STANDARD_OUT
    2026-02-14 16:56:24.700 [Test worker] INFO  m.s.t.c.a.e.RetryableOrderExecutor - [RETRY] 시도 1/3: symbol=TQQQ, side=BUY, remainingQty=3, buffer=0.3%
    2026-02-14 16:56:24.702 [Test worker] INFO  m.s.t.c.a.e.RetryableOrderExecutor - [RETRY] 주문 접수됨: symbol=TQQQ, brokerOrderId=ORD001, qty=3
    2026-02-14 16:56:24.702 [Test worker] INFO  m.s.t.c.a.e.RetryableOrderExecutor - [RETRY] 미체결분 취소 시도: symbol=TQQQ, unfilledQty=3
    2026-02-14 16:56:24.703 [Test worker] INFO  m.s.t.c.a.e.RetryableOrderExecutor - [RETRY] 시도 2/3: symbol=TQQQ, side=BUY, remainingQty=3, buffer=0.5%
    2026-02-14 16:56:24.703 [Test worker] INFO  m.s.t.c.a.e.RetryableOrderExecutor - [RETRY] 주문 접수됨: symbol=TQQQ, brokerOrderId=ORD002, qty=3
    2026-02-14 16:56:24.703 [Test worker] INFO  m.s.t.c.a.e.RetryableOrderExecutor - [RETRY] 미체결분 취소 시도: symbol=TQQQ, unfilledQty=3
    2026-02-14 16:56:24.704 [Test worker] INFO  m.s.t.c.a.e.RetryableOrderExecutor - [RETRY] 시도 3/3: symbol=TQQQ, side=BUY, remainingQty=3, buffer=0.8%
    2026-02-14 16:56:24.704 [Test worker] INFO  m.s.t.c.a.e.RetryableOrderExecutor - [RETRY] 주문 접수됨: symbol=TQQQ, brokerOrderId=ORD003, qty=3
    2026-02-14 16:56:24.705 [Test worker] INFO  m.s.t.c.a.e.RetryableOrderExecutor - [RETRY] 미체결분 취소 시도: symbol=TQQQ, unfilledQty=3
    2026-02-14 16:56:24.706 [Test worker] ERROR m.s.t.c.a.e.RetryableOrderExecutor - [RETRY] 3 시도 모두 실패: symbol=TQQQ

RetryableOrderExecutorTest > 3회 모두 실패하면 FAILED 반환 PASSED

RetryableOrderExecutorTest > 미체결 후 재시도하여 두 번째에서 체결 STANDARD_OUT
    2026-02-14 16:56:24.709 [Test worker] INFO  m.s.t.c.a.e.RetryableOrderExecutor - [RETRY] 시도 1/3: symbol=QQQ, side=SELL, remainingQty=5, buffer=0.3%
    2026-02-14 16:56:24.709 [Test worker] INFO  m.s.t.c.a.e.RetryableOrderExecutor - [RETRY] 주문 접수됨: symbol=QQQ, brokerOrderId=ORD001, qty=5
    2026-02-14 16:56:24.711 [Test worker] INFO  m.s.t.c.a.e.RetryableOrderExecutor - [RETRY] 미체결분 취소 시도: symbol=QQQ, unfilledQty=5
    2026-02-14 16:56:24.711 [Test worker] INFO  m.s.t.c.a.e.RetryableOrderExecutor - [RETRY] 시도 2/3: symbol=QQQ, side=SELL, remainingQty=5, buffer=0.5%
    2026-02-14 16:56:24.711 [Test worker] INFO  m.s.t.c.a.e.RetryableOrderExecutor - [RETRY] 주문 접수됨: symbol=QQQ, brokerOrderId=ORD002, qty=5
    2026-02-14 16:56:24.711 [Test worker] INFO  m.s.t.c.a.e.RetryableOrderExecutor - [RETRY] 체결: symbol=QQQ, filledQty=5, totalFilledQty=5, remainingQty=0
    2026-02-14 16:56:24.711 [Test worker] INFO  m.s.t.c.a.e.RetryableOrderExecutor - [RETRY] 전량 체결 완료: symbol=QQQ, totalFilledQty=5

RetryableOrderExecutorTest > 미체결 후 재시도하여 두 번째에서 체결 PASSED

RetryableOrderExecutorTest > 첫 번째 시도에서 체결되면 성공 반환 STANDARD_OUT
    2026-02-14 16:56:24.719 [Test worker] INFO  m.s.t.c.a.e.RetryableOrderExecutor - [RETRY] 시도 1/3: symbol=QQQ, side=BUY, remainingQty=10, buffer=0.3%
    2026-02-14 16:56:24.720 [Test worker] INFO  m.s.t.c.a.e.RetryableOrderExecutor - [RETRY] 주문 접수됨: symbol=QQQ, brokerOrderId=ORD001, qty=10
    2026-02-14 16:56:24.720 [Test worker] INFO  m.s.t.c.a.e.RetryableOrderExecutor - [RETRY] 체결: symbol=QQQ, filledQty=10, totalFilledQty=10, remainingQty=0
    2026-02-14 16:56:24.720 [Test worker] INFO  m.s.t.c.a.e.RetryableOrderExecutor - [RETRY] 전량 체결 완료: symbol=QQQ, totalFilledQty=10

RetryableOrderExecutorTest > 첫 번째 시도에서 체결되면 성공 반환 PASSED

RetryableOrderExecutorTest > 버퍼 퍼센트는 시도 횟수에 따라 증가 PASSED

MarketLikePricingPolicyTest > 퍼센트_입력하고_소수_비율로_변환_사용_가능() PASSED

CircuitBreakerServiceTest > 비중 조정 테스트 > Circuit Breaker 비활성화 시 원본 비중 반환 PASSED

CircuitBreakerServiceTest > 비중 조정 테스트 > 두 필터 모두 트리거 시 200MA 먼저 적용 후 VIX 체크 STANDARD_OUT
    2026-02-14 16:56:24.757 [Test worker] INFO  m.s.t.c.a.s.CircuitBreakerService - 200MA filter applied: adjusted weights = WeightSet[wQqq=30.00, wQld=30.00, wTqqq=40.00]

CircuitBreakerServiceTest > 비중 조정 테스트 > 두 필터 모두 트리거 시 200MA 먼저 적용 후 VIX 체크 PASSED

CircuitBreakerServiceTest > 비중 조정 테스트 > VIX 트리거 시 TQQQ 비중 증가 방지 STANDARD_OUT
    2026-02-14 16:56:24.782 [Test worker] INFO  m.s.t.c.a.s.CircuitBreakerService - VIX filter applied: keeping previous weights = WeightSet[wQqq=40.00, wQld=40.00, wTqqq=20.00]

CircuitBreakerServiceTest > 비중 조정 테스트 > VIX 트리거 시 TQQQ 비중 증가 방지 PASSED

CircuitBreakerServiceTest > 비중 조정 테스트 > 200MA 트리거 시 TQQQ 비중 한 단계 낮춤 STANDARD_OUT
    2026-02-14 16:56:24.785 [Test worker] INFO  m.s.t.c.a.s.CircuitBreakerService - 200MA filter applied: adjusted weights = WeightSet[wQqq=30.00, wQld=30.00, wTqqq=40.00]

CircuitBreakerServiceTest > 비중 조정 테스트 > 200MA 트리거 시 TQQQ 비중 한 단계 낮춤 PASSED

CircuitBreakerServiceTest > 200MA 필터 테스트 > QQQ >= 200MA 이면 트리거 안됨 PASSED

CircuitBreakerServiceTest > 200MA 필터 테스트 > QQQ < 200MA 이면 트리거됨 STANDARD_OUT
    2026-02-14 16:56:24.801 [Test worker] WARN  m.s.t.c.a.s.CircuitBreakerService - 200MA Circuit Breaker triggered: QQQ=400 < MA200=410

CircuitBreakerServiceTest > 200MA 필터 테스트 > QQQ < 200MA 이면 트리거됨 PASSED

CircuitBreakerServiceTest > VIX 필터 테스트 > VIX 필터 비활성화 시 트리거 안됨 PASSED

CircuitBreakerServiceTest > VIX 필터 테스트 > Circuit Breaker 전체 비활성화 시 트리거 안됨 PASSED

CircuitBreakerServiceTest > VIX 필터 테스트 > VIX < 35 이면 트리거 안됨 PASSED

CircuitBreakerServiceTest > VIX 필터 테스트 > VIX >= 35 이면 트리거됨 STANDARD_OUT
    2026-02-14 16:56:24.815 [Test worker] WARN  m.s.t.c.a.s.CircuitBreakerService - VIX Circuit Breaker triggered: VIX=35.00 >= threshold=35

CircuitBreakerServiceTest > VIX 필터 테스트 > VIX >= 35 이면 트리거됨 PASSED

StrategyStateEodServiceTest > 초기상태없을때_현재가가_ATH면_DD는_0퍼센트() STANDARD_OUT
    2026-02-14 16:56:24.822 [Test worker] INFO  m.s.t.c.a.s.StrategyStateEodService - Initializing StrategyState from historical data...
    2026-02-14 16:56:24.825 [Test worker] INFO  m.s.t.c.a.s.StrategyStateEodService - Calculated ATH from 3 historical prices: 100.00
    2026-02-14 16:56:24.828 [Test worker] INFO  m.s.t.c.a.s.StrategyStateEodService - Created initial StrategyState: ATH=100.00, DD=0.0000%, Phase=NORMAL

StrategyStateEodServiceTest > 초기상태없을때_현재가가_ATH면_DD는_0퍼센트() PASSED

StrategyStateEodServiceTest > DD_10_15퍼_구간에서는_기존_목표비중_유지() PASSED

StrategyStateEodServiceTest > strategyOn은_EOD와_무관하게_이전_값_유지() PASSED

StrategyStateEodServiceTest > 전고점_대비_하락_시_DD_최대DD_Phase_갱신() PASSED

StrategyStateEodServiceTest > 초기상태없을때_현재가가_과거ATH보다_높으면_현재가가_ATH() STANDARD_OUT
    2026-02-14 16:56:24.834 [Test worker] INFO  m.s.t.c.a.s.StrategyStateEodService - Initializing StrategyState from historical data...
    2026-02-14 16:56:24.834 [Test worker] INFO  m.s.t.c.a.s.StrategyStateEodService - Calculated ATH from 3 historical prices: 105.00
    2026-02-14 16:56:24.836 [Test worker] INFO  m.s.t.c.a.s.StrategyStateEodService - Created initial StrategyState: ATH=105.00, DD=0.0000%, Phase=NORMAL

StrategyStateEodServiceTest > 초기상태없을때_현재가가_과거ATH보다_높으면_현재가가_ATH() PASSED

StrategyStateEodServiceTest > 초기상태없을때_Drawdown구간에서_Phase와_Weights_검증() STANDARD_OUT
    2026-02-14 16:56:24.839 [Test worker] INFO  m.s.t.c.a.s.StrategyStateEodService - Initializing StrategyState from historical data...
    2026-02-14 16:56:24.840 [Test worker] INFO  m.s.t.c.a.s.StrategyStateEodService - Calculated ATH from 3 historical prices: 100.00
    2026-02-14 16:56:24.842 [Test worker] INFO  m.s.t.c.a.s.StrategyStateEodService - Created initial StrategyState: ATH=100.00, DD=18.0000%, Phase=DRAWDOWN

StrategyStateEodServiceTest > 초기상태없을때_Drawdown구간에서_Phase와_Weights_검증() PASSED

StrategyStateEodServiceTest > 초기상태없고_과거데이터없으면_현재가를_ATH로_사용() STANDARD_OUT
    2026-02-14 16:56:24.846 [Test worker] INFO  m.s.t.c.a.s.StrategyStateEodService - Initializing StrategyState from historical data...
    2026-02-14 16:56:24.847 [Test worker] WARN  m.s.t.c.a.s.StrategyStateEodService - No historical data available, using current close as ATH
    2026-02-14 16:56:24.847 [Test worker] INFO  m.s.t.c.a.s.StrategyStateEodService - Created initial StrategyState: ATH=100.00, DD=0.0000%, Phase=NORMAL

StrategyStateEodServiceTest > 초기상태없고_과거데이터없으면_현재가를_ATH로_사용() PASSED

StrategyStateEodServiceTest > 전고점_돌파_시_전고점_갱신_및_DD_최대DD_초기화() PASSED

StrategyStateEodServiceTest > 최대DD_15퍼_이상이고_DD_10퍼_이내_회복_시_RECOVERY_Phase로_전환() PASSED

StrategyStateEodServiceTest > 초기상태없을때_과거데이터로_ATH_계산_및_자동초기화() STANDARD_OUT
    2026-02-14 16:56:24.857 [Test worker] INFO  m.s.t.c.a.s.StrategyStateEodService - Initializing StrategyState from historical data...
    2026-02-14 16:56:24.859 [Test worker] INFO  m.s.t.c.a.s.StrategyStateEodService - Calculated ATH from 3 historical prices: 100.00
    2026-02-14 16:56:24.860 [Test worker] INFO  m.s.t.c.a.s.StrategyStateEodService - Created initial StrategyState: ATH=100.00, DD=5.0000%, Phase=NORMAL

StrategyStateEodServiceTest > 초기상태없을때_과거데이터로_ATH_계산_및_자동초기화() PASSED

ExecutionJobTest > completes_when_all_orders_terminal_and_sets_failed_if_any_rejected() PASSED

PortfolioTest > 총자산_계산_현금과_포지션_합산() PASSED

PortfolioTest > 현금이_null이어도_포지션_합계_계산() PASSED

PortfolioTest > 빈_포트폴리오의_총자산은_현금만() PASSED

PortfolioTest > 수량_조회_특정_종목() PASSED

PortfolioTest > 비중_계산_정확도_검증() PASSED

PortfolioTest > 총자산이_0이면_비중은_0반환() PASSED

PortfolioTest > Ticker_enum으로_비중_조회() PASSED

TickerTest > QLD_심볼_변환() PASSED

TickerTest > null_또는_빈_문자열은_예외() PASSED

TickerTest > 대소문자_무관하게_Ticker_생성(String) > [1] symbol=QQQ PASSED

TickerTest > 대소문자_무관하게_Ticker_생성(String) > [2] symbol=qqq PASSED

TickerTest > 대소문자_무관하게_Ticker_생성(String) > [3] symbol=Qqq PASSED

TickerTest > 대소문자_무관하게_Ticker_생성(String) > [4] symbol=QLD PASSED

TickerTest > 대소문자_무관하게_Ticker_생성(String) > [5] symbol=qld PASSED

TickerTest > 대소문자_무관하게_Ticker_생성(String) > [6] symbol=TQQQ PASSED

TickerTest > 대소문자_무관하게_Ticker_생성(String) > [7] symbol=tqqq PASSED

TickerTest > 지원하지_않는_심볼은_예외() PASSED

TickerTest > QQQ_심볼_변환() PASSED

TickerTest > TQQQ_심볼_변환() PASSED

DdBucketTest > 경계값_15_퍼센트는_FROM_15_TO_25_버킷() PASSED

DdBucketTest > 경계값_직전은_이전_버킷에_포함() PASSED

DdBucketTest > DD_퍼센트에_따른_정확한_버킷_분류(String, DdBucket) > ddPercent=0 -> LESS_THAN_15 PASSED

DdBucketTest > DD_퍼센트에_따른_정확한_버킷_분류(String, DdBucket) > ddPercent=14.99 -> LESS_THAN_15 PASSED

DdBucketTest > DD_퍼센트에_따른_정확한_버킷_분류(String, DdBucket) > ddPercent=15 -> FROM_15_TO_25 PASSED

DdBucketTest > DD_퍼센트에_따른_정확한_버킷_분류(String, DdBucket) > ddPercent=15.00 -> FROM_15_TO_25 PASSED

DdBucketTest > DD_퍼센트에_따른_정확한_버킷_분류(String, DdBucket) > ddPercent=24.99 -> FROM_15_TO_25 PASSED

DdBucketTest > DD_퍼센트에_따른_정확한_버킷_분류(String, DdBucket) > ddPercent=25 -> FROM_25_TO_35 PASSED

DdBucketTest > DD_퍼센트에_따른_정확한_버킷_분류(String, DdBucket) > ddPercent=34.99 -> FROM_25_TO_35 PASSED

DdBucketTest > DD_퍼센트에_따른_정확한_버킷_분류(String, DdBucket) > ddPercent=35 -> FROM_35_TO_45 PASSED

DdBucketTest > DD_퍼센트에_따른_정확한_버킷_분류(String, DdBucket) > ddPercent=44.99 -> FROM_35_TO_45 PASSED

DdBucketTest > DD_퍼센트에_따른_정확한_버킷_분류(String, DdBucket) > ddPercent=45 -> MORE_THAN_45 PASSED

DdBucketTest > DD_퍼센트에_따른_정확한_버킷_분류(String, DdBucket) > ddPercent=50 -> MORE_THAN_45 PASSED

DdBucketTest > DD_퍼센트에_따른_정확한_버킷_분류(String, DdBucket) > ddPercent=100 -> MORE_THAN_45 PASSED

WeightSetTest > normal_상태는_QQQ_100퍼센트() PASSED

WeightSetTest > recovery_상태는_QQQ_70_QLD_30() PASSED

WeightSetTest > of_팩토리_메서드로_커스텀_비중_생성() PASSED

WeightSetTest > drawDown_DD_퍼센트에_따른_기획서_비중표_일치(String, int, int, int) > DD 0% -> QQQ:100, QLD:0, TQQQ:0 PASSED

WeightSetTest > drawDown_DD_퍼센트에_따른_기획서_비중표_일치(String, int, int, int) > DD 10% -> QQQ:100, QLD:0, TQQQ:0 PASSED

WeightSetTest > drawDown_DD_퍼센트에_따른_기획서_비중표_일치(String, int, int, int) > DD 15% -> QQQ:60, QLD:30, TQQQ:10 PASSED

WeightSetTest > drawDown_DD_퍼센트에_따른_기획서_비중표_일치(String, int, int, int) > DD 20% -> QQQ:60, QLD:30, TQQQ:10 PASSED

WeightSetTest > drawDown_DD_퍼센트에_따른_기획서_비중표_일치(String, int, int, int) > DD 25% -> QQQ:40, QLD:40, TQQQ:20 PASSED

WeightSetTest > drawDown_DD_퍼센트에_따른_기획서_비중표_일치(String, int, int, int) > DD 30% -> QQQ:40, QLD:40, TQQQ:20 PASSED

WeightSetTest > drawDown_DD_퍼센트에_따른_기획서_비중표_일치(String, int, int, int) > DD 35% -> QQQ:30, QLD:30, TQQQ:40 PASSED

WeightSetTest > drawDown_DD_퍼센트에_따른_기획서_비중표_일치(String, int, int, int) > DD 40% -> QQQ:30, QLD:30, TQQQ:40 PASSED

WeightSetTest > drawDown_DD_퍼센트에_따른_기획서_비중표_일치(String, int, int, int) > DD 45% -> QQQ:20, QLD:20, TQQQ:60 PASSED

WeightSetTest > drawDown_DD_퍼센트에_따른_기획서_비중표_일치(String, int, int, int) > DD 50% -> QQQ:20, QLD:20, TQQQ:60 PASSED

2026-02-14 16:56:25.482 [SpringApplicationShutdownHook] INFO  o.s.o.j.LocalContainerEntityManagerFactoryBean - Closing JPA EntityManagerFactory for persistence unit 'default'
2026-02-14 16:56:25.495 [SpringApplicationShutdownHook] INFO  com.zaxxer.hikari.HikariDataSource - HikariPool-1 - Shutdown initiated...
2026-02-14 16:56:25.594 [SpringApplicationShutdownHook] INFO  com.zaxxer.hikari.HikariDataSource - HikariPool-1 - Shutdown completed.

> Task :check

BUILD SUCCESSFUL in 23s
4 actionable tasks: 1 executed, 3 up-to-date
